> Task :app:preBuild UP-TO-DATE
> Task :app:preDebugBuild UP-TO-DATE
> Task :app:generateDebugResources UP-TO-DATE
> Task :app:packageDebugResources UP-TO-DATE
> Task :app:processDebugNavigationResources UP-TO-DATE
> Task :app:parseDebugLocalResources UP-TO-DATE
> Task :app:generateDebugRFile UP-TO-DATE

> Task :app:compileDebugKotlin FAILED
./gradlew : e: file:///F:/hina/Wellness-Wave/app/src/main/java/com/example/myapplicati
on/ui/screens/HomeScreen.kt:47:24 Property delegate must have a 'getValue(Nothing?, 
KProperty0<ERROR CLASS: Cannot infer argument for type parameter T>)' method. None of 
the following functions is applicable:
At line:1 char:1
+ ./gradlew :app:compileDebugKotlin > build_error.log 2>&1
+ ~~~~~~~~~~~~~~~~~~~~~~~~~~~~~~~~~~~~~~~~~~~~~~~~~~~~~~~~
    + CategoryInfo          : NotSpecified: (e: file:///F:/h... is applicable::String 
   ) [], RemoteException
    + FullyQualifiedErrorId : NativeCommandError
 
fun <T> State<T>.getValue(thisObj: Any?, property: KProperty<*>): T
e: file:///F:/hina/Wellness-Wave/app/src/main/java/com/example/myapplication/ui/screen
s/HomeScreen.kt:47:27 Cannot infer type for this parameter. Specify it explicitly.
e: file:///F:/hina/Wellness-Wave/app/src/main/java/com/example/myapplication/ui/screen
s/HomeScreen.kt:47:58 Unresolved reference 'scrollVelocity'.
e: file:///F:/hina/Wellness-Wave/app/src/main/java/com/example/myapplication/ui/screen
s/HomeScreen.kt:47:73 Cannot infer type for this parameter. Specify it explicitly.
e: file:///F:/hina/Wellness-Wave/app/src/main/java/com/example/myapplication/ui/screen
s/HomeScreen.kt:381:44 'operator' modifier is required on 'FirNamedFunctionSymbol 
kotlin/compareTo' in 'compareTo'.
e: file:///F:/hina/Wellness-Wave/app/src/main/java/com/example/myapplication/ui/screen
s/HomeScreen.kt:382:48 'operator' modifier is required on 'FirNamedFunctionSymbol 
kotlin/compareTo' in 'compareTo'.

FAILURE: Build failed with an exception.

* What went wrong:
Execution failed for task ':app:compileDebugKotlin'.
> A failure occurred while executing org.jetbrains.kotlin.compilerRunner.GradleCompile
rRunnerWithWorkers$GradleKotlinCompilerWorkAction
   > Compilation error. See log for more details

* Try:
> Run with --stacktrace option to get the stack trace.
> Run with --info or --debug option to get more log output.
> Run with --scan to generate a Build Scan (powered by Develocity).
> Get more help at https://help.gradle.org.

BUILD FAILED in 5s
6 actionable tasks: 1 executed, 5 up-to-date
